// Vitest Snapshot v1, https://vitest.dev/guide/snapshot.html

exports[`getLocale > should return a merged locale 1`] = `
{
  "currentDevice": "Selected device ",
  "devices": "Devices",
  "next": "Next",
  "otherDevices": "Select other device",
  "pause": "Pause",
  "play": "Play",
  "previous": "Previous",
  "removeTrack": "Remove from your favorites",
  "saveTrack": "Save to your favorites",
  "title": "{name} on SPOTIFY",
  "volume": "Volume",
}
`;

exports[`getMergedStyles > should return a merged styles 1`] = `
{
  "activeColor": "#1cb954",
  "altColor": "#ccc",
  "bgColor": "rgba(0, 0, 0, 0)",
  "color": "#333",
  "errorColor": "#ff0026",
  "height": 100,
  "loaderColor": "#ccc",
  "loaderSize": 32,
  "sliderColor": "#666",
  "sliderHandleBorderRadius": "50%",
  "sliderHandleColor": "#000",
  "sliderHeight": 4,
  "sliderTrackBorderRadius": 4,
  "sliderTrackColor": "#ccc",
  "trackArtistColor": "#666",
  "trackNameColor": "#333",
}
`;
