// Vitest Snapshot v1, https://vitest.dev/guide/snapshot.html

exports[`STATUS > should have all options 1`] = `
{
  "ERROR": "ERROR",
  "IDLE": "IDLE",
  "INITIALIZING": "INITIALIZING",
  "READY": "READY",
  "RUNNING": "RUNNING",
  "UNSUPPORTED": "UNSUPPORTED",
}
`;

exports[`TYPE > should have all options 1`] = `
{
  "DEVICE": "device_update",
  "FAVORITE": "favorite_update",
  "PLAYER": "player_update",
  "PROGRESS": "progress_update",
  "STATUS": "status_update",
  "TRACK": "track_update",
}
`;
